[31m[Nest] 57752  - [39m2026. 05. 06. 오후 6:22:00 [31m  ERROR[39m [38;5;3m[NestApplication] [39m[31mError: listen EADDRINUSE: address already in use :::4000[39m[38;5;3m +7ms[39m
node:net:1904
    const ex = new UVExceptionWithHostPort(err, 'listen', address, port);
               ^

Error: listen EADDRINUSE: address already in use :::4000
    at Server.setupListenHandle [as _listen2] (node:net:1904:16)
    at listenInCluster (node:net:1961:12)
    at Server.listen (node:net:2063:7)
    at ExpressAdapter.listen (D:\vibe\movie\node_modules\.pnpm\@nestjs+platform-express@11.1.19_@nestjs+common@11.1.19_class-transformer@0.5.1_class-validat_uezzzqqsq4pyyuemsshvbpgzla\node_modules\@nestjs\platform-express\adapters\express-adapter.js:115:32)
    at D:\vibe\movie\node_modules\.pnpm\@nestjs+core@11.1.19_@nestjs+common@11.1.19_class-transformer@0.5.1_class-validator@0.15.1_re_kwidxthrbzq6xuvwwlhotqwb5i\node_modules\@nestjs\core\nest-application.js:188:30
    at new Promise (<anonymous>)
    at NestApplication.listen (D:\vibe\movie\node_modules\.pnpm\@nestjs+core@11.1.19_@nestjs+common@11.1.19_class-transformer@0.5.1_class-validator@0.15.1_re_kwidxthrbzq6xuvwwlhotqwb5i\node_modules\@nestjs\core\nest-application.js:178:16)
    at async bootstrap (D:\vibe\movie\apps\api\src\main.ts:16:3) {
  code: 'EADDRINUSE',
  errno: -4091,
  syscall: 'listen',
  address: '::',
  port: 4000
}

Node.js v20.18.0
